../Core/Src/main.c:119:5:main	8	static
../Core/Src/main.c:207:6:SystemClock_Config	88	static
../Core/Src/main.c:253:13:MX_I2C1_Init	8	static
../Core/Src/main.c:287:13:MX_I2S3_Init	8	static
../Core/Src/main.c:321:13:MX_RNG_Init	8	static
../Core/Src/main.c:347:13:MX_SPI1_Init	8	static
../Core/Src/main.c:385:13:MX_TIM2_Init	32	static
../Core/Src/main.c:430:13:MX_USART2_UART_Init	8	static
../Core/Src/main.c:463:13:MX_GPIO_Init	56	static
../Core/Src/main.c:560:6:printArray	2128	static
../Core/Src/main.c:577:6:arrCopy	32	static
../Core/Src/main.c:584:5:bit_reverse_7	40	static
../Core/Src/main.c:611:5:positive_modulo	24	static
../Core/Src/main.c:627:5:modular_power	32	static
../Core/Src/main.c:646:6:ntt	48	static
../Core/Src/main.c:664:6:intt	48	static
../Core/Src/main.c:828:6:generate_random_array	32	static
../Core/Src/main.c:839:6:random_array_ntt_intt	168	static
../Core/Src/main.c:861:6:HAL_GPIO_EXTI_Callback	24	static
../Core/Src/main.c:879:6:Error_Handler	4	static,ignoring_inline_asm
